INFO:     Will watch for changes in these directories: ['/home/abhishek/GolandProjects/AI_CRM_001/insight_engine']
INFO:     Uvicorn running on http://127.0.0.1:8090 (Press CTRL+C to quit)
INFO:     Started reloader process [35330] using StatReload
/home/abhishek/GolandProjects/AI_CRM_001/.venv/lib/python3.12/site-packages/pydantic/_internal/_fields.py:132: UserWarning: Field "model_version" in LeadScoreResponse has conflict with protected namespace "model_".

You may be able to resolve this warning by setting `model_config['protected_namespaces'] = ()`.
  warnings.warn(
/home/abhishek/GolandProjects/AI_CRM_001/.venv/lib/python3.12/site-packages/pydantic/_internal/_fields.py:132: UserWarning: Field "model_version" in ChurnResponse has conflict with protected namespace "model_".

You may be able to resolve this warning by setting `model_config['protected_namespaces'] = ()`.
  warnings.warn(
/home/abhishek/GolandProjects/AI_CRM_001/.venv/lib/python3.12/site-packages/pydantic/_internal/_fields.py:132: UserWarning: Field "model_version" in CLVResponse has conflict with protected namespace "model_".

You may be able to resolve this warning by setting `model_config['protected_namespaces'] = ()`.
  warnings.warn(
INFO:     Started server process [35597]
INFO:     Waiting for application startup.
INFO:     Application startup complete.
INFO:     Shutting down
INFO:     Waiting for application shutdown.
INFO:     Application shutdown complete.
INFO:     Finished server process [35597]
INFO:     Stopping reloader process [35330]
